// Jest Snapshot v1, https://goo.gl/fbAQLP

exports[`< LanguagesModal > matches the snapshot 1`] = `
<MockProvider>
  <Provider
    store={
      Object {
        "clearActions": [Function],
        "dispatch": [Function],
        "getActions": [Function],
        "getState": [Function],
        "replaceReducer": [Function],
        "subscribe": [Function],
      }
    }
  >
    <LanguagesModal
      hideForever={true}
      onCloseLanguageModal={[Function]}
      toggleBlockLangModal={[Function]}
    >
      <Background Overlay>
        <div
          className="fWpqKC"
        >
          <Modal Wrapper
            data-e2e-id="languagesModal"
          >
            <div
              className="NKJtm"
              data-e2e-id="languagesModal"
            >
              <Flags Wrapper>
                <div
                  className="bwDZjO"
                >
                  <Flag
                    active={true}
                    aria-label="English"
                    data-e2e-id="langModal-flag_us"
                    key="en"
                    lang="en"
                    languageSelected="en"
                    onClick={[Function]}
                    role="button"
                    tabIndex={0}
                  >
                    <div
                      aria-label="English"
                      className="kBTZlT"
                      data-e2e-id="langModal-flag_us"
                      lang="en"
                      onClick={[Function]}
                      role="button"
                      tabIndex={0}
                    >
                      <Label>
                        <div
                          className="dtIDQL"
                        >
                          English
                        </div>
                      </Label>
                      <Image
                        alt=""
                        lang="en"
                        languageSelected="en"
                        src="https://cdn.countryflags.com/thumbs/united-states-of-america/flag-3d-250.png"
                      >
                        <img
                          alt=""
                          className="dkDIFR"
                          lang="en"
                          src="https://cdn.countryflags.com/thumbs/united-states-of-america/flag-3d-250.png"
                        />
                      </Image>
                    </div>
                  </Flag>
                  <Flag
                    active={true}
                    aria-label="Español"
                    data-e2e-id="langModal-flag_es"
                    key="es"
                    lang="es"
                    languageSelected="en"
                    onClick={[Function]}
                    role="button"
                    tabIndex={0}
                  >
                    <div
                      aria-label="Español"
                      className="kBTZlT"
                      data-e2e-id="langModal-flag_es"
                      lang="es"
                      onClick={[Function]}
                      role="button"
                      tabIndex={0}
                    >
                      <Label>
                        <div
                          className="dtIDQL"
                        >
                          Español
                        </div>
                      </Label>
                      <Image
                        alt=""
                        lang="es"
                        languageSelected="en"
                        src="https://cdn.countryflags.com/thumbs/spain/flag-3d-250.png"
                      >
                        <img
                          alt=""
                          className="fyzBXW"
                          lang="es"
                          src="https://cdn.countryflags.com/thumbs/spain/flag-3d-250.png"
                        />
                      </Image>
                    </div>
                  </Flag>
                  <Flag
                    active={true}
                    aria-label="Português"
                    data-e2e-id="langModal-flag_br"
                    key="pt"
                    lang="pt"
                    languageSelected="en"
                    onClick={[Function]}
                    role="button"
                    tabIndex={0}
                  >
                    <div
                      aria-label="Português"
                      className="kBTZlT"
                      data-e2e-id="langModal-flag_br"
                      lang="pt"
                      onClick={[Function]}
                      role="button"
                      tabIndex={0}
                    >
                      <Label>
                        <div
                          className="dtIDQL"
                        >
                          Português
                        </div>
                      </Label>
                      <Image
                        alt=""
                        lang="pt"
                        languageSelected="en"
                        src="https://cdn.countryflags.com/thumbs/brazil/flag-3d-250.png"
                      >
                        <img
                          alt=""
                          className="fyzBXW"
                          lang="pt"
                          src="https://cdn.countryflags.com/thumbs/brazil/flag-3d-250.png"
                        />
                      </Image>
                    </div>
                  </Flag>
                  <Flag
                    active={false}
                    aria-label="Français"
                    data-e2e-id="langModal-flag_fr"
                    key="fr"
                    lang="fr"
                    languageSelected="en"
                    onClick={[Function]}
                    role="button"
                    tabIndex={0}
                  >
                    <div
                      aria-label="Français"
                      className="hjScPF"
                      data-e2e-id="langModal-flag_fr"
                      lang="fr"
                      onClick={[Function]}
                      role="button"
                      tabIndex={0}
                    >
                      <Label>
                        <div
                          className="dtIDQL"
                        >
                          Français
                        </div>
                      </Label>
                      <Image
                        alt=""
                        lang="fr"
                        languageSelected="en"
                        src="https://cdn.countryflags.com/thumbs/france/flag-3d-250.png"
                      >
                        <img
                          alt=""
                          className="fyzBXW"
                          lang="fr"
                          src="https://cdn.countryflags.com/thumbs/france/flag-3d-250.png"
                        />
                      </Image>
                    </div>
                  </Flag>
                  <Flag
                    active={false}
                    aria-label="Пусский язык"
                    data-e2e-id="langModal-flag_ru"
                    key="ru"
                    lang="ru"
                    languageSelected="en"
                    onClick={[Function]}
                    role="button"
                    tabIndex={0}
                  >
                    <div
                      aria-label="Пусский язык"
                      className="hjScPF"
                      data-e2e-id="langModal-flag_ru"
                      lang="ru"
                      onClick={[Function]}
                      role="button"
                      tabIndex={0}
                    >
                      <Label>
                        <div
                          className="dtIDQL"
                        >
                          Пусский язык
                        </div>
                      </Label>
                      <Image
                        alt=""
                        lang="ru"
                        languageSelected="en"
                        src="https://cdn.countryflags.com/thumbs/russia/flag-3d-250.png"
                      >
                        <img
                          alt=""
                          className="fyzBXW"
                          lang="ru"
                          src="https://cdn.countryflags.com/thumbs/russia/flag-3d-250.png"
                        />
                      </Image>
                    </div>
                  </Flag>
                  <Flag
                    active={false}
                    aria-label="Deutsch"
                    data-e2e-id="langModal-flag_de"
                    key="de"
                    lang="de"
                    languageSelected="en"
                    onClick={[Function]}
                    role="button"
                    tabIndex={0}
                  >
                    <div
                      aria-label="Deutsch"
                      className="hjScPF"
                      data-e2e-id="langModal-flag_de"
                      lang="de"
                      onClick={[Function]}
                      role="button"
                      tabIndex={0}
                    >
                      <Label>
                        <div
                          className="dtIDQL"
                        >
                          Deutsch
                        </div>
                      </Label>
                      <Image
                        alt=""
                        lang="de"
                        languageSelected="en"
                        src="https://cdn.countryflags.com/thumbs/undefined/flag-3d-250.png"
                      >
                        <img
                          alt=""
                          className="fyzBXW"
                          lang="de"
                          src="https://cdn.countryflags.com/thumbs/undefined/flag-3d-250.png"
                        />
                      </Image>
                    </div>
                  </Flag>
                  <Flag
                    active={false}
                    aria-label="日本語"
                    data-e2e-id="langModal-flag_jp"
                    key="jp"
                    lang="jp"
                    languageSelected="en"
                    onClick={[Function]}
                    role="button"
                    tabIndex={0}
                  >
                    <div
                      aria-label="日本語"
                      className="hjScPF"
                      data-e2e-id="langModal-flag_jp"
                      lang="jp"
                      onClick={[Function]}
                      role="button"
                      tabIndex={0}
                    >
                      <Label>
                        <div
                          className="dtIDQL"
                        >
                          日本語
                        </div>
                      </Label>
                      <Image
                        alt=""
                        lang="jp"
                        languageSelected="en"
                        src="https://cdn.countryflags.com/thumbs/undefined/flag-3d-250.png"
                      >
                        <img
                          alt=""
                          className="fyzBXW"
                          lang="jp"
                          src="https://cdn.countryflags.com/thumbs/undefined/flag-3d-250.png"
                        />
                      </Image>
                    </div>
                  </Flag>
                </div>
              </Flags Wrapper>
              <Text
                data-e2e-id="langModal-instructionsText"
              >
                <p
                  className="fzGfxz"
                  data-e2e-id="langModal-instructionsText"
                >
                  You may also change it in the upper bar
                </p>
              </Text>
              <CheckBox Area
                onClick={[Function]}
                role="checkbox"
              >
                <p
                  className="fzGfxz eFqbiK"
                  onClick={[Function]}
                  role="checkbox"
                >
                  <CheckBox
                    checked={true}
                    className="languages__checkbox"
                    data-e2e-id="langModal-checkbox"
                    id="checkLang"
                    name="hideForever"
                    readOnly={true}
                    type="checkbox"
                  >
                    <input
                      checked={true}
                      className="bNZqCL languages__checkbox"
                      data-e2e-id="langModal-checkbox"
                      id="checkLang"
                      name="hideForever"
                      readOnly={true}
                      type="checkbox"
                    />
                  </CheckBox>
                  <label
                    htmlFor="blockLang"
                  >
                    Do not show me this message again.
                  </label>
                </p>
              </CheckBox Area>
              <AppButton
                buttonStyle="confirm"
                datae2eid="langModal-ok"
                onClick={[Function]}
                text="ok"
              >
                <App Button
                  buttonStyle="confirm"
                  data-e2e-id="langModal-ok"
                  onClick={[Function]}
                  type="button"
                >
                  <button
                    className="dCozZD"
                    data-e2e-id="langModal-ok"
                    onClick={[Function]}
                    type="button"
                  >
                    ok
                  </button>
                </App Button>
              </AppButton>
            </div>
          </Modal Wrapper>
        </div>
      </Background Overlay>
    </LanguagesModal>
  </Provider>
</MockProvider>
`;
