// Jest Snapshot v1, https://goo.gl/fbAQLP

exports[`< OtherSkills > matches the snapshot 1`] = `
<MockProvider>
  <Provider
    store={
      Object {
        "clearActions": [Function],
        "dispatch": [Function],
        "getActions": [Function],
        "getState": [Function],
        "replaceReducer": [Function],
        "subscribe": [Function],
      }
    }
  >
    <OtherSkills
      onClickClose={[Function]}
      onClickOpen={[Function]}
      status={
        Object {
          "active": false,
          "read": false,
          "visible": false,
        }
      }
    >
      <Text Find Something>
        <p
          className="gcXdCD"
        >
          You've found... a computer?!
        </p>
      </Text Find Something>
      <Text Find Something>
        <p
          className="gcXdCD"
        >
          And it is oddly on
        </p>
      </Text Find Something>
      <Text Find Something>
        <p
          className="gcXdCD"
        >
          Click on the screen to investigate it.
        </p>
      </Text Find Something>
      <OTHER SKILLS Section
        id="Other Skills Section"
        visible={false}
      >
        <section
          className="jkdJcP"
          id="Other Skills Section"
        >
          <Top Bar
            alt=""
            src={
              Object {
                "process": [Function],
              }
            }
            visible={false}
          >
            <img
              alt=""
              className="RNSqc"
              src={
                Object {
                  "process": [Function],
                }
              }
            />
          </Top Bar>
          <Mac Screen
            visible={false}
          >
            <div
              className="fTSRkD"
            >
              <Other Skills Wrapper
                aria-label="Open"
                onClick={[Function]}
                role="button"
                tabIndex={0}
                visible={false}
              >
                <div
                  aria-label="Open"
                  className="MmBJI"
                  onClick={[Function]}
                  role="button"
                  tabIndex={0}
                >
                  <Languages Area>
                    <div
                      className="dWUhcF euwOso"
                    >
                      <Title>
                        <h2
                          className="fgVbma"
                        >
                          Languages
                        </h2>
                      </Title>
                      <Languages Table>
                        <table
                          className="hTOmvu emKENg"
                        >
                          <tbody>
                            <tr>
                              <td>
                                English
                                <Flag
                                  alt=""
                                  src="https://www.countryflags.io/us/flat/16.png"
                                >
                                  <img
                                    alt=""
                                    className="ibQKQf"
                                    src="https://www.countryflags.io/us/flat/16.png"
                                  />
                                </Flag>
                              </td>
                              <td>
                                <Icon
                                  className="fas fa-comments"
                                  title="Speaking"
                                >
                                  <i
                                    className="idlvvH fas fa-comments"
                                    title="Speaking"
                                  />
                                </Icon>
                                Fluent
                              </td>
                              <td>
                                <Icon
                                  className="fas fa-book-open"
                                  title="Reading"
                                >
                                  <i
                                    className="idlvvH fas fa-book-open"
                                    title="Reading"
                                  />
                                </Icon>
                                Fluent
                              </td>
                              <td>
                                <Icon
                                  className="fas fa-pen"
                                  title="Writing"
                                >
                                  <i
                                    className="idlvvH fas fa-pen"
                                    title="Writing"
                                  />
                                </Icon>
                                Fluent
                              </td>
                            </tr>
                            <tr>
                              <td>
                                Spanish
                                <Flag
                                  alt=""
                                  src="https://www.countryflags.io/es/flat/16.png"
                                >
                                  <img
                                    alt=""
                                    className="ibQKQf"
                                    src="https://www.countryflags.io/es/flat/16.png"
                                  />
                                </Flag>
                              </td>
                              <td>
                                <Icon
                                  className="fas fa-comments"
                                  title="Speaking"
                                >
                                  <i
                                    className="idlvvH fas fa-comments"
                                    title="Speaking"
                                  />
                                </Icon>
                                Fluent
                              </td>
                              <td>
                                <Icon
                                  className="fas fa-book-open"
                                  title="Reading"
                                >
                                  <i
                                    className="idlvvH fas fa-book-open"
                                    title="Reading"
                                  />
                                </Icon>
                                Fluent
                              </td>
                              <td>
                                <Icon
                                  className="fas fa-pen"
                                  title="Writing"
                                >
                                  <i
                                    className="idlvvH fas fa-pen"
                                    title="Writing"
                                  />
                                </Icon>
                                Fluent
                              </td>
                            </tr>
                            <tr>
                              <td>
                                Portuguese
                                <Flag
                                  alt=""
                                  src="https://www.countryflags.io/br/flat/16.png"
                                >
                                  <img
                                    alt=""
                                    className="ibQKQf"
                                    src="https://www.countryflags.io/br/flat/16.png"
                                  />
                                </Flag>
                              </td>
                              <td>
                                <Icon
                                  className="fas fa-comments"
                                  title="Speaking"
                                >
                                  <i
                                    className="idlvvH fas fa-comments"
                                    title="Speaking"
                                  />
                                </Icon>
                                Fluent
                              </td>
                              <td>
                                <Icon
                                  className="fas fa-book-open"
                                  title="Reading"
                                >
                                  <i
                                    className="idlvvH fas fa-book-open"
                                    title="Reading"
                                  />
                                </Icon>
                                Fluent
                              </td>
                              <td>
                                <Icon
                                  className="fas fa-pen"
                                  title="Writing"
                                >
                                  <i
                                    className="idlvvH fas fa-pen"
                                    title="Writing"
                                  />
                                </Icon>
                                Fluent
                              </td>
                            </tr>
                            <tr>
                              <td>
                                French
                                <Flag
                                  alt=""
                                  src="https://www.countryflags.io/fr/flat/16.png"
                                >
                                  <img
                                    alt=""
                                    className="ibQKQf"
                                    src="https://www.countryflags.io/fr/flat/16.png"
                                  />
                                </Flag>
                              </td>
                              <td>
                                <Icon
                                  className="fas fa-comments"
                                  title="Speaking"
                                >
                                  <i
                                    className="idlvvH fas fa-comments"
                                    title="Speaking"
                                  />
                                </Icon>
                                Intermediate
                              </td>
                              <td>
                                <Icon
                                  className="fas fa-book-open"
                                  title="Reading"
                                >
                                  <i
                                    className="idlvvH fas fa-book-open"
                                    title="Reading"
                                  />
                                </Icon>
                                Intermediate
                              </td>
                              <td>
                                <Icon
                                  className="fas fa-pen"
                                  title="Writing"
                                >
                                  <i
                                    className="idlvvH fas fa-pen"
                                    title="Writing"
                                  />
                                </Icon>
                                Basic
                              </td>
                            </tr>
                            <tr>
                              <td>
                                Russian
                                <Flag
                                  alt=""
                                  src="https://www.countryflags.io/ru/flat/16.png"
                                >
                                  <img
                                    alt=""
                                    className="ibQKQf"
                                    src="https://www.countryflags.io/ru/flat/16.png"
                                  />
                                </Flag>
                              </td>
                              <td>
                                <Icon
                                  className="fas fa-comments"
                                  title="Speaking"
                                >
                                  <i
                                    className="idlvvH fas fa-comments"
                                    title="Speaking"
                                  />
                                </Icon>
                                Basic
                              </td>
                              <td>
                                <Icon
                                  className="fas fa-book-open"
                                  title="Reading"
                                >
                                  <i
                                    className="idlvvH fas fa-book-open"
                                    title="Reading"
                                  />
                                </Icon>
                                Basic
                              </td>
                              <td>
                                <Icon
                                  className="fas fa-pen"
                                  title="Writing"
                                >
                                  <i
                                    className="idlvvH fas fa-pen"
                                    title="Writing"
                                  />
                                </Icon>
                                Basic
                              </td>
                            </tr>
                          </tbody>
                        </table>
                      </Languages Table>
                    </div>
                  </Languages Area>
                  <Other Informations Area>
                    <div
                      className="dWUhcF cugJmd"
                    >
                      <Title>
                        <h2
                          className="fgVbma"
                        >
                          Other skills
                        </h2>
                      </Title>
                      <Other Informations Table>
                        <table
                          className="hTOmvu jciiQn"
                        >
                          <thead>
                            <tr>
                              <th>
                                Skill
                              </th>
                              <th>
                                How I have developed it
                              </th>
                            </tr>
                          </thead>
                          <tbody>
                            <tr>
                              <td>
                                Working under pressure
                              </td>
                              <td>
                                More than 5 years as volunteer on ambulances and emergencies
                              </td>
                            </tr>
                            <tr>
                              <td>
                                Leadership
                              </td>
                              <td>
                                More than 3 years of professional experience managing different teams
                              </td>
                            </tr>
                            <tr>
                              <td>
                                Communication
                              </td>
                              <td>
                                Solid experience teaching, giving formations and speeches
                              </td>
                            </tr>
                            <tr>
                              <td>
                                Empathy
                              </td>
                              <td>
                                Psychology formation and humanitarian background
                              </td>
                            </tr>
                            <tr>
                              <td>
                                Flexibility
                              </td>
                              <td>
                                Very good experience working within multicultural environments
                              </td>
                            </tr>
                          </tbody>
                        </table>
                      </Other Informations Table>
                    </div>
                  </Other Informations Area>
                  <Design Area>
                    <div
                      className="dWUhcF gdJpcf"
                    >
                      <Title>
                        <h2
                          className="fgVbma"
                        >
                          Graphic design
                        </h2>
                      </Title>
                      <Design Text>
                        <p
                          className="hnjRhx"
                        >
                          Here are some of my design creations:
                        </p>
                      </Design Text>
                      <Samples Wrapper>
                        <div
                          className="kOXSrB"
                        >
                          <a
                            href="https://pre00.deviantart.net/f5fe/th/pre/f/2018/065/a/2/rio_de_janeiro__um_retrato_da_violencia_by_annabranco-dc53j1i.jpg"
                            rel="noopener noreferrer"
                            target="_Blank"
                          >
                            <Sample
                              image="https://pre00.deviantart.net/f5fe/th/pre/f/2018/065/a/2/rio_de_janeiro__um_retrato_da_violencia_by_annabranco-dc53j1i.jpg"
                            >
                              <div
                                className="bUGLvw"
                              />
                            </Sample>
                          </a>
                          <a
                            href="https://img00.deviantart.net/9fb7/i/2018/069/2/c/recuerda_siempre_mirar_el_color_de_las_banderas_by_annabranco-dc5gv8e.jpg"
                            rel="noopener noreferrer"
                            target="_Blank"
                          >
                            <Sample
                              image="https://img00.deviantart.net/9fb7/i/2018/069/2/c/recuerda_siempre_mirar_el_color_de_las_banderas_by_annabranco-dc5gv8e.jpg"
                            >
                              <div
                                className="ehxKDO"
                              />
                            </Sample>
                          </a>
                          <a
                            href="https://pre00.deviantart.net/3afa/th/pre/i/2018/069/e/3/basic_english_by_annabranco-dc5go6q.jpg"
                            rel="noopener noreferrer"
                            target="_Blank"
                          >
                            <Sample
                              image="https://pre00.deviantart.net/3afa/th/pre/i/2018/069/e/3/basic_english_by_annabranco-dc5go6q.jpg"
                            >
                              <div
                                className="hPiMEm"
                              />
                            </Sample>
                          </a>
                          <a
                            href="https://pre00.deviantart.net/6e8f/th/pre/f/2018/245/e/8/violencia1_en_by_annabranco-dclta8q.jpg"
                            rel="noopener noreferrer"
                            target="_Blank"
                          >
                            <Sample
                              image="https://pre00.deviantart.net/6e8f/th/pre/f/2018/245/e/8/violencia1_en_by_annabranco-dclta8q.jpg"
                            >
                              <div
                                className="evwDjm"
                              />
                            </Sample>
                          </a>
                          <a
                            href="https://pre00.deviantart.net/9f40/th/pre/f/2018/065/1/7/terremoto_en_mexico_19_09_17_by_alvarobranco_dbo6p_by_annabranco-dc53k8f.jpg"
                            rel="noopener noreferrer"
                            target="_Blank"
                          >
                            <Sample
                              image="https://pre00.deviantart.net/9f40/th/pre/f/2018/065/1/7/terremoto_en_mexico_19_09_17_by_alvarobranco_dbo6p_by_annabranco-dc53k8f.jpg"
                            >
                              <div
                                className="gnSGtx"
                              />
                            </Sample>
                          </a>
                          <a
                            href="https://pre00.deviantart.net/d51e/th/pre/i/2018/069/5/b/european_map__arabic__by_annabranco-dc5gve5.jpg"
                            rel="noopener noreferrer"
                            target="_Blank"
                          >
                            <Sample
                              image="https://pre00.deviantart.net/d51e/th/pre/i/2018/069/5/b/european_map__arabic__by_annabranco-dc5gve5.jpg"
                            >
                              <div
                                className="jDHvxb"
                              />
                            </Sample>
                          </a>
                        </div>
                      </Samples Wrapper>
                    </div>
                  </Design Area>
                  <Close Button
                    aria-label="Close"
                    hidden={true}
                    onClick={[Function]}
                    type="button"
                  >
                    <button
                      aria-label="Close"
                      className="hFFHfR"
                      hidden={true}
                      onClick={[Function]}
                      type="button"
                    >
                      Close
                    </button>
                  </Close Button>
                </div>
              </Other Skills Wrapper>
            </div>
          </Mac Screen>
          <Mac Keyboard
            hidden={false}
          >
            <div
              className="goXKNs"
              hidden={false}
            />
          </Mac Keyboard>
          <Keyboard Keys Wrapper
            hidden={false}
          >
            <div
              className="kLquFw"
              hidden={false}
            >
              <Keyboard Keys>
                <div
                  className="eIbhej"
                >
                   . . . . . . . ...
                </div>
              </Keyboard Keys>
              <Keyboard Keys>
                <div
                  className="eIbhej"
                >
                  ... . . . . . . ..
                </div>
              </Keyboard Keys>
              <Keyboard Keys>
                <div
                  className="eIbhej"
                >
                  . . . . . . . . . .
                </div>
              </Keyboard Keys>
              <Keyboard Keys>
                <div
                  className="eIbhej"
                >
                  . . . . . . . . . .
                </div>
              </Keyboard Keys>
              <Keyboard Keys>
                <div
                  className="eIbhej"
                >
                  ------......
                </div>
              </Keyboard Keys>
            </div>
          </Keyboard Keys Wrapper>
        </section>
      </OTHER SKILLS Section>
    </OtherSkills>
  </Provider>
</MockProvider>
`;
