// Jest Snapshot v1, https://goo.gl/fbAQLP

exports[`< ErrorComponent > matches the snapshot 1`] = `
<ErrorSection>
  <ErrorTitle>
    That's embarassing...
  </ErrorTitle>
  <NotificationArea>
    <SorryText>
      I'm awfully sorry but something unexpected had happened. :(
    </SorryText>
    <SorryText>
      I'd really appreciate if you could notify me of this error on my issues page.
    </SorryText>
    <ErrorDetailsArea>
      <DetailsText>
        MOCK_ERROR
      </DetailsText>
    </ErrorDetailsArea>
    <NotifyButton
      href="https://github.com/annabranco/my-profile/issues/new"
      rel="noopener noreferrer"
      target="_Blank"
      visible={false}
    >
      <NotifyButtonText>
        Notify me
      </NotifyButtonText>
      <NotifyButtonIcon
        className="fab fa-github-alt"
      />
    </NotifyButton>
  </NotificationArea>
</ErrorSection>
`;
