// Jest Snapshot v1, https://goo.gl/fbAQLP

exports[`< ErrorComponent > matches the snapshot 1`] = `
<ErrorComponent
  error="MOCK_ERROR"
  texts={
    Object {
      "errorLine1": "I'm awfully sorry but something unexpected had happened. :(",
      "errorLine2": "I'd really appreciate if you could notify me of this error on my issues page.",
      "notifyMe": "Notify me",
      "title": "That's embarassing...",
    }
  }
>
  <ErrorSection>
    <div
      className="jTIoGN"
    >
      <ErrorTitle
        data-e2e-id="error-title"
      >
        <h2
          className="bLGTyS"
          data-e2e-id="error-title"
        >
          That's embarassing...
        </h2>
      </ErrorTitle>
      <NotificationArea
        data-e2e-id="error-sorryText"
      >
        <div
          className="hJjFnT"
          data-e2e-id="error-sorryText"
        >
          <SorryText>
            <p
              className="kEjzio"
            >
              I'm awfully sorry but something unexpected had happened. :(
            </p>
          </SorryText>
          <SorryText>
            <p
              className="kEjzio"
            >
              I'd really appreciate if you could notify me of this error on my issues page.
            </p>
          </SorryText>
          <ErrorDetailsArea>
            <div
              className="bAVCfX"
            >
              <DetailsText
                data-e2e-id="error-message"
              >
                <p
                  className="dkRjAK"
                  data-e2e-id="error-message"
                >
                  MOCK_ERROR
                </p>
              </DetailsText>
            </div>
          </ErrorDetailsArea>
          <NotifyButton
            data-e2e-id="error-button"
            href="https://github.com/annabranco/my-profile/issues/new"
            rel="noopener noreferrer"
            target="_Blank"
          >
            <a
              className="gpMUny cyqwki cldwgd"
              data-e2e-id="error-button"
              href="https://github.com/annabranco/my-profile/issues/new"
              rel="noopener noreferrer"
              target="_Blank"
            >
              <NotifyButtonText>
                <p
                  className="hwUAiy"
                >
                  Notify me
                </p>
              </NotifyButtonText>
              <NotifyButtonIcon
                className="fab fa-github-alt"
              >
                <i
                  className="jGtolL fab fa-github-alt"
                />
              </NotifyButtonIcon>
            </a>
          </NotifyButton>
        </div>
      </NotificationArea>
    </div>
  </ErrorSection>
</ErrorComponent>
`;
