// Jest Snapshot v1, https://goo.gl/fbAQLP

exports[`< ErrorComponent > matches the snapshot 1`] = `
<MockProvider>
  <Provider
    store={
      Object {
        "clearActions": [Function],
        "dispatch": [Function],
        "getActions": [Function],
        "getState": [Function],
        "replaceReducer": [Function],
        "subscribe": [Function],
      }
    }
  >
    <Header
      hideForever={true}
    >
      <Header>
        <header
          className="gfNQNE"
        >
          <LanguagesWrapper>
            <div
              className="jHxTVq"
            >
              <Flag
                aria-label="English"
                key="en"
                lang="en"
                languageSelected="en"
                onClick={[Function]}
                role="button"
                tabIndex={0}
              >
                <div
                  aria-label="English"
                  className="dooWXV"
                  lang="en"
                  onClick={[Function]}
                  role="button"
                  tabIndex={0}
                >
                  <img
                    alt=""
                    src="https://www.countryflags.io/us/flat/16.png"
                  />
                </div>
              </Flag>
              <Flag
                aria-label="Español"
                key="es"
                lang="es"
                languageSelected="en"
                onClick={[Function]}
                role="button"
                tabIndex={0}
              >
                <div
                  aria-label="Español"
                  className="jOqyQy"
                  lang="es"
                  onClick={[Function]}
                  role="button"
                  tabIndex={0}
                >
                  <img
                    alt=""
                    src="https://www.countryflags.io/es/flat/16.png"
                  />
                </div>
              </Flag>
              <Flag
                aria-label="Português"
                key="pt"
                lang="pt"
                languageSelected="en"
                onClick={[Function]}
                role="button"
                tabIndex={0}
              >
                <div
                  aria-label="Português"
                  className="jOqyQy"
                  lang="pt"
                  onClick={[Function]}
                  role="button"
                  tabIndex={0}
                >
                  <img
                    alt=""
                    src="https://www.countryflags.io/br/flat/16.png"
                  />
                </div>
              </Flag>
            </div>
          </LanguagesWrapper>
          <AppTitle>
            <h2
              className="ja-dRuX"
            >
              Anna Branco's professional profile
            </h2>
          </AppTitle>
          <Version>
            <p
              className="jDAFlV"
            >
              0.14.1
            </p>
          </Version>
        </header>
      </Header>
    </Header>
  </Provider>
</MockProvider>
`;
