// Jest Snapshot v1, https://goo.gl/fbAQLP

exports[`< MyInfoPage > matches the snapshot 1`] = `
<MockProvider>
  <Provider
    store={
      Object {
        "clearActions": [Function],
        "dispatch": [Function],
        "getActions": [Function],
        "getState": [Function],
        "replaceReducer": [Function],
        "subscribe": [Function],
      }
    }
  >
    <MyInfoPage>
      <MY INFO Section
        id="My Info Section"
      >
        <section
          className="cDcXXF"
          id="My Info Section"
        >
          <My Info Area>
            <div
              className="fCiXvb"
            >
              <My Name>
                <h1
                  className="qDQap fdlSES"
                >
                  Anna Branco
                </h1>
              </My Name>
              <Inner Wrapper>
                <div
                  className="eybfan"
                >
                  <Main Area>
                    <div
                      className="lbMdQV"
                    >
                      <Photo Wrapper>
                        <div
                          className="gqebFx"
                        >
                          <Photo
                            alt="Anna Branco"
                            src={
                              Object {
                                "process": [Function],
                              }
                            }
                          >
                            <img
                              alt="Anna Branco"
                              className="hwDZwr"
                              src={
                                Object {
                                  "process": [Function],
                                }
                              }
                            />
                          </Photo>
                        </div>
                      </Photo Wrapper>
                      <Info Area>
                        <div
                          className="bSTZOj"
                        >
                          <My Name>
                            <h1
                              className="qDQap fmtiri"
                            >
                              Anna Branco
                            </h1>
                          </My Name>
                          <Job Title>
                            <h2
                              className="fLDvCs"
                            >
                              Front End Developer
                            </h2>
                          </Job Title>
                          <Info Message>
                            <div
                              className="kMHqIB"
                            >
                              Developing sites and apps where navigating around is a beautiful journey
                            </div>
                          </Info Message>
                        </div>
                      </Info Area>
                    </div>
                  </Main Area>
                  <Social Area>
                    <div
                      className="fXPqTA"
                    >
                      <Social
                        texts={
                          Object {
                            "aditional": "Developing sites and apps where navigating around is a beautiful journey",
                            "advise": "For an enhanced user experience, visiting this page on a full screen desktop is advised.",
                            "call": "Call",
                            "chat": "Chat",
                            "job": "Front End Developer",
                            "thankyou": "Thank you very much for navigating trough all my profile!",
                          }
                        }
                      >
                        <Social Area>
                          <div
                            className="iJTPVb"
                          >
                            <Social Item>
                              <div
                                className="glrtcm"
                              >
                                <Link
                                  href="mailto:anya.branco@icloud.com"
                                >
                                  <a
                                    className="bvrfXM"
                                    href="mailto:anya.branco@icloud.com"
                                  >
                                    <Icon
                                      className="far fa-envelope"
                                    >
                                      <div
                                        className="bwwqKt far fa-envelope"
                                      />
                                    </Icon>
                                    <Text>
                                      <p
                                        className="gVyfcw"
                                      >
                                        anya.branco@icloud.com
                                      </p>
                                    </Text>
                                  </a>
                                </Link>
                              </div>
                            </Social Item>
                            <Social Item>
                              <div
                                className="glrtcm"
                              >
                                <Link Button
                                  href="https://github.com/annabranco"
                                  rel="noopener noreferrer"
                                  target="_Blank"
                                >
                                  <a
                                    className="bvrfXM iNXGCV"
                                    href="https://github.com/annabranco"
                                    rel="noopener noreferrer"
                                    target="_Blank"
                                  >
                                    <Icon
                                      className="fab fa-github-alt"
                                    >
                                      <div
                                        className="bwwqKt fab fa-github-alt"
                                      />
                                    </Icon>
                                    <Text>
                                      <p
                                        className="gVyfcw"
                                      >
                                        Github
                                      </p>
                                    </Text>
                                  </a>
                                </Link Button>
                              </div>
                            </Social Item>
                            <Social Item>
                              <div
                                className="glrtcm"
                              >
                                <Link Button
                                  href="https://www.linkedin.com/in/annabranco/"
                                  rel="noopener noreferrer"
                                  target="_Blank"
                                >
                                  <a
                                    className="bvrfXM iNXGCV"
                                    href="https://www.linkedin.com/in/annabranco/"
                                    rel="noopener noreferrer"
                                    target="_Blank"
                                  >
                                    <Icon
                                      className="fab fa-linkedin-in"
                                    >
                                      <div
                                        className="bwwqKt fab fa-linkedin-in"
                                      />
                                    </Icon>
                                    <Text>
                                      <p
                                        className="gVyfcw"
                                      >
                                        LinkedIn
                                      </p>
                                    </Text>
                                  </a>
                                </Link Button>
                              </div>
                            </Social Item>
                            <Social Item>
                              <div
                                className="glrtcm"
                              >
                                <Link Button
                                  href="https://twitter.com/AnyaBranco"
                                  rel="noopener noreferrer"
                                  target="_Blank"
                                >
                                  <a
                                    className="bvrfXM iNXGCV"
                                    href="https://twitter.com/AnyaBranco"
                                    rel="noopener noreferrer"
                                    target="_Blank"
                                  >
                                    <Icon
                                      className="fab fa-twitter"
                                    >
                                      <div
                                        className="bwwqKt fab fa-twitter"
                                      />
                                    </Icon>
                                    <Text>
                                      <p
                                        className="gVyfcw"
                                      >
                                        Twitter
                                      </p>
                                    </Text>
                                  </a>
                                </Link Button>
                              </div>
                            </Social Item>
                            <Social Item>
                              <div
                                className="glrtcm fFmnqM"
                              >
                                <Link Button 
                                  href="skype:live%3Aanna.branco_3?call"
                                >
                                  <a
                                    className="bvrfXM iNXGCV iVJQFX"
                                    href="skype:live%3Aanna.branco_3?call"
                                  >
                                    <Icon
                                      className="fab fa-skype"
                                    >
                                      <div
                                        className="bwwqKt fab fa-skype"
                                      />
                                    </Icon>
                                    <Text>
                                      <p
                                        className="gVyfcw"
                                      >
                                        Call
                                      </p>
                                    </Text>
                                  </a>
                                </Link Button >
                                <Link Button 
                                  href="skype:live%3Aanna.branco_3?chat"
                                >
                                  <a
                                    className="bvrfXM iNXGCV iVJQFX"
                                    href="skype:live%3Aanna.branco_3?chat"
                                  >
                                     
                                    <Icon
                                      className="fas fa-comments"
                                    >
                                      <div
                                        className="bwwqKt fas fa-comments"
                                      />
                                    </Icon>
                                    <Text>
                                      <p
                                        className="gVyfcw"
                                      >
                                        Chat
                                      </p>
                                    </Text>
                                  </a>
                                </Link Button >
                              </div>
                            </Social Item>
                          </div>
                        </Social Area>
                      </Social>
                    </div>
                  </Social Area>
                </div>
              </Inner Wrapper>
              <Ship Image
                alt="Navigating beautifully"
                src={
                  Object {
                    "process": [Function],
                  }
                }
              >
                <img
                  alt="Navigating beautifully"
                  className="eAmxrg"
                  src={
                    Object {
                      "process": [Function],
                    }
                  }
                />
              </Ship Image>
              <ScrollDown Display>
                <div
                  className="gHgAug"
                >
                  <Line of Arrows>
                    <div
                      className="iKoqoT"
                    >
                      <Animated Arrows
                        className="fas fa-angle-double-down"
                        key="0"
                      >
                        <i
                          className="fgGUu iCUcoI fas fa-angle-double-down"
                        />
                      </Animated Arrows>
                      <Animated Arrows
                        className="fas fa-angle-double-down"
                        key="1"
                      >
                        <i
                          className="fgGUu iCUcoI fas fa-angle-double-down"
                        />
                      </Animated Arrows>
                      <Animated Arrows
                        className="fas fa-angle-double-down"
                        key="2"
                      >
                        <i
                          className="fgGUu iCUcoI fas fa-angle-double-down"
                        />
                      </Animated Arrows>
                    </div>
                  </Line of Arrows>
                  <Line of Arrows>
                    <div
                      className="iKoqoT"
                    >
                      <Animated Arrows
                        className="fas fa-angle-double-down"
                        key="0"
                      >
                        <i
                          className="fgGUu heoVmn fas fa-angle-double-down"
                        />
                      </Animated Arrows>
                      <Animated Arrows
                        className="fas fa-angle-double-down"
                        key="1"
                      >
                        <i
                          className="fgGUu heoVmn fas fa-angle-double-down"
                        />
                      </Animated Arrows>
                      <Animated Arrows
                        className="fas fa-angle-double-down"
                        key="2"
                      >
                        <i
                          className="fgGUu heoVmn fas fa-angle-double-down"
                        />
                      </Animated Arrows>
                    </div>
                  </Line of Arrows>
                  <Line of Arrows>
                    <div
                      className="iKoqoT"
                    >
                      <Animated Arrows
                        className="fas fa-angle-double-down"
                        key="0"
                      >
                        <i
                          className="fgGUu gLfDuS fas fa-angle-double-down"
                        />
                      </Animated Arrows>
                      <Animated Arrows
                        className="fas fa-angle-double-down"
                        key="1"
                      >
                        <i
                          className="fgGUu gLfDuS fas fa-angle-double-down"
                        />
                      </Animated Arrows>
                      <Animated Arrows
                        className="fas fa-angle-double-down"
                        key="2"
                      >
                        <i
                          className="fgGUu gLfDuS fas fa-angle-double-down"
                        />
                      </Animated Arrows>
                    </div>
                  </Line of Arrows>
                </div>
              </ScrollDown Display>
            </div>
          </My Info Area>
        </section>
      </MY INFO Section>
    </MyInfoPage>
  </Provider>
</MockProvider>
`;
