// Jest Snapshot v1, https://goo.gl/fbAQLP

exports[`< SeaBed > matches the snapshot 1`] = `
<Provider
  store={
    Object {
      "clearActions": [Function],
      "dispatch": [Function],
      "getActions": [Function],
      "getState": [Function],
      "replaceReducer": [Function],
      "subscribe": [Function],
    }
  }
>
  <SeaBed
    cuePointsActivated={Set {}}
    openSeabedElement={[Function]}
    resetScrollPosition={[Function]}
  />
</Provider>
`;
