// Jest Snapshot v1, https://goo.gl/fbAQLP

exports[`< SkillLevel > matches the snapshot 1`] = `
<Provider
  store={
    Object {
      "clearActions": [Function],
      "dispatch": [Function],
      "getActions": [Function],
      "getState": [Function],
      "replaceReducer": [Function],
      "subscribe": [Function],
    }
  }
>
  <SkillLevel
    level={3}
    skill="mockSkill"
  />
</Provider>
`;
