// Jest Snapshot v1, https://goo.gl/fbAQLP

exports[`< SkillLevel > matches the snapshot 1`] = `
<MockProvider>
  <Provider
    store={
      Object {
        "clearActions": [Function],
        "dispatch": [Function],
        "getActions": [Function],
        "getState": [Function],
        "replaceReducer": [Function],
        "subscribe": [Function],
      }
    }
  >
    <SkillLevel
      level={3}
      skill="mockSkill"
    >
      <Stars Wrapper>
        <div
          className="puMru"
        >
          <Star
            aria-hidden={true}
            className="fas fa-star"
            key="mockSkill-3-0"
          >
            <i
              aria-hidden={true}
              className="inLprB fas fa-star"
            />
          </Star>
          <Star
            aria-hidden={true}
            className="fas fa-star"
            key="mockSkill-3-1"
          >
            <i
              aria-hidden={true}
              className="inLprB fas fa-star"
            />
          </Star>
          <Star
            aria-hidden={true}
            className="fas fa-star"
            key="mockSkill-3-2"
          >
            <i
              aria-hidden={true}
              className="inLprB fas fa-star"
            />
          </Star>
        </div>
      </Stars Wrapper>
    </SkillLevel>
  </Provider>
</MockProvider>
`;
